BP: 120/80
Glucose: 105